__hash:u
_hash:pb
_meta:Ra
_next:eb
_rest:sc
_seq:Ab
afn:A
afterRender:Wb
args:Bb
arr:j
auto_run:Sa
beforeFlush:Xb
bitmap:W
buf:fb
buf_len:tc
buf_pos:La
buffer_:Ya
cached_hierarchy:Yb
callOnce:uc
captured:vc
caught:wc
cb:Lc
chunk:O
chunk_next:Zb
cljs$core$APersistentVector$:xc
cljs$core$Fn$:kd
cljs$core$IAssociative$:ld
cljs$core$IAssociative$_assoc$arity$3:Ta
cljs$core$IAssociative$_contains_key_QMARK_$arity$2:gb
cljs$core$IChunk$_drop_first$arity$1:yc
cljs$core$IChunkedNext$_chunked_next$arity$1:$b
cljs$core$IChunkedSeq$:Wd
cljs$core$IChunkedSeq$_chunked_first$arity$1:Cb
cljs$core$IChunkedSeq$_chunked_rest$arity$1:Za
cljs$core$ICollection$:Xd
cljs$core$ICollection$_conj$arity$2:aa
cljs$core$ICounted$:Mc
cljs$core$ICounted$_count$arity$1:Y
cljs$core$IDeref$:Nc
cljs$core$IDeref$_deref$arity$1:xa
cljs$core$IDrop$:Yd
cljs$core$IDrop$_drop$arity$2:Ua
cljs$core$IEditableCollection$:md
cljs$core$IEditableCollection$_as_transient$arity$1:qb
cljs$core$IEmptyableCollection$:nd
cljs$core$IEmptyableCollection$_empty$arity$1:Z
cljs$core$IEncodeJS$:od
cljs$core$IEncodeJS$_clj__GT_js$arity$1:pd
cljs$core$IEquiv$_equiv$arity$2:P
cljs$core$IFind$_find$arity$2:rb
cljs$core$IFn$:Zd
cljs$core$IFn$_invoke$arity$0:v
cljs$core$IFn$_invoke$arity$1:g
cljs$core$IFn$_invoke$arity$10:ya
cljs$core$IFn$_invoke$arity$11:za
cljs$core$IFn$_invoke$arity$12:Aa
cljs$core$IFn$_invoke$arity$13:Ba
cljs$core$IFn$_invoke$arity$14:Ca
cljs$core$IFn$_invoke$arity$15:Da
cljs$core$IFn$_invoke$arity$16:Ea
cljs$core$IFn$_invoke$arity$17:Fa
cljs$core$IFn$_invoke$arity$18:Ga
cljs$core$IFn$_invoke$arity$19:Ha
cljs$core$IFn$_invoke$arity$2:h
cljs$core$IFn$_invoke$arity$20:Ia
cljs$core$IFn$_invoke$arity$21:Db
cljs$core$IFn$_invoke$arity$3:i
cljs$core$IFn$_invoke$arity$4:F
cljs$core$IFn$_invoke$arity$5:I
cljs$core$IFn$_invoke$arity$6:la
cljs$core$IFn$_invoke$arity$7:Ja
cljs$core$IFn$_invoke$arity$8:ua
cljs$core$IFn$_invoke$arity$9:Ka
cljs$core$IFn$_invoke$arity$variadic:l
cljs$core$IHash$:$d
cljs$core$IHash$_hash$arity$1:R
cljs$core$IIndexed$:Oc
cljs$core$IIndexed$_nth$arity$2:K
cljs$core$IIndexed$_nth$arity$3:pa
cljs$core$IIterable$:ae
cljs$core$IIterable$_iterator$arity$1:va
cljs$core$IKVReduce$:qd
cljs$core$IKVReduce$_kv_reduce$arity$3:Eb
cljs$core$IList$:be
cljs$core$ILookup$:rd
cljs$core$ILookup$_lookup$arity$2:qa
cljs$core$ILookup$_lookup$arity$3:T
cljs$core$IMap$:sd
cljs$core$IMap$_dissoc$arity$2:zc
cljs$core$IMapEntry$:ce
cljs$core$IMapEntry$_key$arity$1:td
cljs$core$IMapEntry$_val$arity$1:ud
cljs$core$IMeta$:Pc
cljs$core$IMeta$_meta$arity$1:U
cljs$core$INamed$:Qc
cljs$core$INamed$_name$arity$1:Fb
cljs$core$INamed$_namespace$arity$1:Gb
cljs$core$INext$:Hb
cljs$core$INext$_next$arity$1:ba
cljs$core$IPrintWithWriter$:$
cljs$core$IPrintWithWriter$_pr_writer$arity$3:N
cljs$core$IRecord$:de
cljs$core$IReduce$:vd
cljs$core$IReduce$_reduce$arity$2:ha
cljs$core$IReduce$_reduce$arity$3:ia
cljs$core$IReset$_reset_BANG_$arity$2:sa
cljs$core$ISeq$:sb
cljs$core$ISeq$_first$arity$1:ea
cljs$core$ISeq$_rest$arity$1:ga
cljs$core$ISeqable$:wd
cljs$core$ISeqable$_seq$arity$1:S
cljs$core$ISequential$:Ac
cljs$core$ISet$:xd
cljs$core$ISet$_disjoin$arity$2:Rc
cljs$core$IStack$_peek$arity$1:hb
cljs$core$IStack$_pop$arity$1:ib
cljs$core$ISwap$_swap_BANG_$arity$2:ac
cljs$core$ISwap$_swap_BANG_$arity$3:bc
cljs$core$ISwap$_swap_BANG_$arity$4:cc
cljs$core$ISwap$_swap_BANG_$arity$5:dc
cljs$core$ITransientAssociative$_assoc_BANG_$arity$3:tb
cljs$core$ITransientCollection$_conj_BANG_$arity$2:ub
cljs$core$ITransientCollection$_persistent_BANG_$arity$1:Ib
cljs$core$IUUID$:yd
cljs$core$IVector$:ee
cljs$core$IVector$_assoc_n$arity$3:jb
cljs$core$IWatchable$_add_watch$arity$3:Jb
cljs$core$IWatchable$_notify_watches$arity$3:ec
cljs$core$IWatchable$_remove_watch$arity$2:Kb
cljs$core$IWithMeta$_with_meta$arity$2:X
cljs$core$IWriter$_write$arity$2:Sc
cljs$lang$applyTo:B
cljs$lang$ctorPrWriter:zd
cljs$lang$ctorStr:fc
cljs$lang$maxFixedArity:C
cljs$lang$protocol_mask$partition$:Tc
cljs$lang$protocol_mask$partition0$:m
cljs$lang$protocol_mask$partition1$:G
cljs$lang$type:Uc
cljs$tools$reader$reader_types$IPushbackReader$unread$arity$2:Vc
cljs$tools$reader$reader_types$IndexingReader$:fe
cljs$tools$reader$reader_types$IndexingReader$get_column_number$arity$1:Ad
cljs$tools$reader$reader_types$IndexingReader$get_file_name$arity$1:Bd
cljs$tools$reader$reader_types$IndexingReader$get_line_number$arity$1:Cd
cljs$tools$reader$reader_types$Reader$peek_char$arity$1:Lb
cljs$tools$reader$reader_types$Reader$read_char$arity$1:kb
cljsDOMValue:hc
cljsInputDirty:Wc
cljsInputLive:Bc
cljsLegacyRender:Dd
cljsMountOrder:Cc
cljsRenderedValue:Ed
cljsState:Fd
clojure$data$Diff$diff_similar$arity$2:Gd
clojure$data$EqualityPartition$equality_partition$arity$1:Hd
cnt:o
collision_hash:Va
componentQueue:ic
custom:Id
default_dispatch_val:Jd
dirty_QMARK_:$a
dispatch_fn:D
edit:V
editable_QMARK_:vb
ensure_editable:lb
event_:Mb
fn:Nb
fn_to_element:Xc
fqn:ra
front:ta
fseq:wb
fsm_state:jc
getNextTickImpl_:Kd
handler:Dc
hasNext:da
has_nil_QMARK_:ma
hash_map:Wa
hierarchy:kc
i:s
inode_assoc:Ma
inode_assoc_BANG_:Na
inode_find:Ob
inode_lookup:ab
inode_seq:Pb
inode_without:Qb
inputEl:Ec
iter:xb
kv_reduce:Rb
len:mb
listen:ge
listenOnce:he
meta20460:Ld
meta22228:Md
method_cache:lc
method_table:mc
more:Oa
mseq:M
nextTickImpl:Yc
next_entry:Sb
next_iter:Pa
nil_val:na
nocache_QMARK_:Zc
nodes:Qa
ns:yb
off:ja
on_dispose:$c
on_dispose_arr:ad
on_set:Nd
opts:Od
parse_fn:nc
post_event_callback_fns:Pd
prefer_table:Qd
ratom:ca
rdr:bd
reaction:Tb
reagReactionCache:Fc
reagent$impl$protocols$Compiler$as_element$arity$2:cd
reagent$impl$protocols$Compiler$get_id$arity$1:Rd
reagent$impl$protocols$Compiler$make_element$arity$5:dd
reagent$impl$protocols$Compiler$parse_tag$arity$3:ed
reagent$ratom$IDisposable$add_on_dispose_BANG_$arity$2:fd
reagent$ratom$IDisposable$dispose_BANG_$arity$1:Gc
reagent$ratom$IReactiveAtom$:oc
reagentInput:Sd
reagentRefFn:gd
reagentRender:bb
rear:wa
removed:pc
rest:Xa
riter:Ub
root_iter:hd
s:J
s_len:jd
s_pos:zb
sb:Td
scheduled_QMARK_:qc
seen:Hc
str:cb
superClass_:Ic
transient_map:nb
typeCount_:rc
unlistenByKey:ie
useSetImmediate_:Ud
uuid:Vb
v:fa
val:H
validator:Jc
vec:oa
watches:ka
watchesArr:Kc
watching:ob
wrapCallback_:Vd
