JSCompiler_StaticMethods_assoc_BANG_:Qg
JSCompiler_StaticMethods_cljs$core$IMultiFn$_add_method$arity$3:gi
JSCompiler_StaticMethods_cljs$core$IMultiFn$_get_method$arity$2:fi
JSCompiler_StaticMethods_cljs$core$ITransientVector$_assoc_n_BANG_$arity$3:Uf
JSCompiler_StaticMethods_forceChunk:jh
JSCompiler_StaticMethods_markAsRemoved:xo
JSCompiler_StaticMethods_re_frame$router$IEventQueue$_call_post_event_callbacks$arity$2:wp
JSCompiler_StaticMethods_re_frame$router$IEventQueue$_fsm_trigger$arity$3:sp
JSCompiler_StaticMethods_re_frame$router$IEventQueue$_pause$arity$2:vp
JSCompiler_StaticMethods_re_frame$router$IEventQueue$_process_1st_event_in_queue$arity$1:tp
JSCompiler_StaticMethods_re_frame$router$IEventQueue$_run_next_tick$arity$1:up
JSCompiler_StaticMethods_re_frame$router$IEventQueue$_run_queue$arity$1:rp
JSCompiler_StaticMethods_sval:be
JSCompiler_prototypeAlias:h
L 0:a
L 1:b
L 10:n
L 11:p
L 12:q
L 13:u
L 14:x
L 15:B
L 16:D
L 17:K
L 18:U
L 19:aa
L 2:c
L 20:ma
L 21:va
L 22:oc
L 23:Sd
L 24:$c
L 25:Dc
L 26:Td
L 27:ad
L 28:xd
L 29:Kb
L 3:d
L 30:bd
L 31:pj
L 32:qj
L 33:fh
L 34:qr
L 35:rr
L 36:sr
L 37:tr
L 38:ur
L 39:vr
L 4:e
L 40:wr
L 41:xr
L 42:yr
L 43:zr
L 44:Ar
L 45:Br
L 47:Cr
L 48:hn
L 49:Fe
L 5:f
L 50:Ge
L 51:gh
L 52:Ud
L 53:He
L 54:kc
L 55:Vd
L 56:Dr
L 57:Er
L 58:jn
L 6:g
L 7:k
L 8:l
L 9:m
cached_hierarchy__5602__auto__$jscomp$inline_1569:ci
cljs$core$ArrayChunk:de
cljs$core$ArrayNode:Ag
cljs$core$ArrayNodeIterator:Eg
cljs$core$ArrayNodeSeq:Lg
cljs$core$Atom:Qe
cljs$core$BitmapIndexedNode:wg
cljs$core$BitmapIndexedNode$EMPTY:zg
cljs$core$Box:qg
cljs$core$ChunkBuffer:ce
cljs$core$ChunkedCons:fe
cljs$core$ChunkedSeq:Nf
cljs$core$Cons:Yd
cljs$core$ES6EntriesIterator:bg
cljs$core$ES6Iterator:Ac
cljs$core$ES6IteratorSeq:Cc
cljs$core$ES6SetEntriesIterator:cg
cljs$core$EmptyList:Wd
cljs$core$ExceptionInfo:ji
cljs$core$Fn:Oa
cljs$core$HashCollisionNode:Ig
cljs$core$HashMapIter:Ng
cljs$core$HashSetIter:Xg
cljs$core$IAssociative:fb
cljs$core$ICollection:Ua
cljs$core$ICounted:Qa
cljs$core$IDeref:tb
cljs$core$IEmptyableCollection:Sa
cljs$core$IEncodeJS:Hh
cljs$core$IFn:Pa
cljs$core$IIndexed:Wa
cljs$core$IIndexed$_nth$dyn_21712:Ya
cljs$core$IIterable:bc
cljs$core$IKVReduce:Ab
cljs$core$IList:Hb
cljs$core$ILookup:cb
cljs$core$ILookup$_lookup$dyn_21723:eb
cljs$core$IMap:jb
cljs$core$IMeta:ub
cljs$core$INIT:Be
cljs$core$INext:ab
cljs$core$IPrintWithWriter:Lb
cljs$core$IRecord:Ib
cljs$core$IReduce:xb
cljs$core$IReduce$_reduce$dyn_21784:zb
cljs$core$ISeq:Za
cljs$core$ISeqable:Eb
cljs$core$ISequential:Gb
cljs$core$ISet:nb
cljs$core$ISwap$_swap_BANG_$dyn_21856:ac
cljs$core$ITER_SYMBOL:Ja
cljs$core$IVector:rb
cljs$core$IndexedSeq:I
cljs$core$IndexedSeqIterator:Vc
cljs$core$IntegerRange:hh
cljs$core$IntegerRangeChunk:dh
cljs$core$KeySeq:Rg
cljs$core$Keyword:G
cljs$core$LazySeq:ae
cljs$core$List:dd
cljs$core$List$EMPTY:M
cljs$core$MapEntry:Bf
cljs$core$MetaFn:jd
cljs$core$MultiFn:Yh
cljs$core$NeverEquiv:Zf
cljs$core$NodeIterator:vg
cljs$core$NodeSeq:Jg
cljs$core$PROTOCOL_SENTINEL:t
cljs$core$PersistentArrayMap:v
cljs$core$PersistentArrayMap$EMPTY:ye
cljs$core$PersistentArrayMap$HASHMAP_THRESHOLD:jg
cljs$core$PersistentArrayMap$createAsIfByAssoc:gd
cljs$core$PersistentArrayMap$createAsIfByAssocComplexPath:og
cljs$core$PersistentArrayMapIterator:fg
cljs$core$PersistentArrayMapSeq:eg
cljs$core$PersistentHashMap:Og
cljs$core$PersistentHashMap$EMPTY:kg
cljs$core$PersistentHashSet:Yg
cljs$core$PersistentHashSet$EMPTY:$g
cljs$core$PersistentQueue:Xf
cljs$core$PersistentQueue$EMPTY:Yf
cljs$core$PersistentQueueIter:Vf
cljs$core$PersistentQueueSeq:Wf
cljs$core$PersistentVector:Y
cljs$core$PersistentVector$EMPTY:cd
cljs$core$PersistentVector$EMPTY_NODE:Z
cljs$core$PersistentVector$fromArray:Hf
cljs$core$Range:ih
cljs$core$RangeIterator:eh
cljs$core$RangedIterator:xf
cljs$core$Reduced:Jc
cljs$core$Repeat:Ze
cljs$core$START:Ce
cljs$core$SeqIter:De
cljs$core$StringBufferWriter:ec
cljs$core$Subvec:Pf
cljs$core$Symbol:tc
cljs$core$TransientArrayMap:ig
cljs$core$TransientHashMap:Pg
cljs$core$TransientHashSet:Zg
cljs$core$TransientVector:Cf
cljs$core$UUID:ii
cljs$core$ValSeq:Sg
cljs$core$VectorNode:mf
cljs$core$_EQ_:O
cljs$core$_STAR_print_level_STAR_:xa
cljs$core$__destructure_map:xe
cljs$core$_add_watch:Nb
cljs$core$_as_transient:Qb
cljs$core$_assoc:hb
cljs$core$_assoc_BANG_:Tb
cljs$core$_assoc_n:sb
cljs$core$_chunked_first:Vb
cljs$core$_chunked_rest:Wb
cljs$core$_clj__GT_js:Ih
cljs$core$_conj:Va
cljs$core$_conj_BANG_:Rb
cljs$core$_contains_key_QMARK_:gb
cljs$core$_count:Ra
cljs$core$_deref:E
cljs$core$_disjoin:ob
cljs$core$_dissoc:kb
cljs$core$_drop:dc
cljs$core$_drop_first:Ub
cljs$core$_empty:Ta
cljs$core$_equiv:Cb
cljs$core$_find:ib
cljs$core$_first:C
cljs$core$_global_hierarchy:Mh
cljs$core$_hash:Db
cljs$core$_indexOf$cljs$0core$0IFn$0_invoke$0arity$03:P
cljs$core$_iterator:cc
cljs$core$_key:lb
cljs$core$_kv_reduce:Bb
cljs$core$_lastIndexOf$cljs$0core$0IFn$0_invoke$0arity$03:R
cljs$core$_lookup:db
cljs$core$_meta:vb
cljs$core$_name:Xb
cljs$core$_namespace:Yb
cljs$core$_next:bb
cljs$core$_nth:Xa
cljs$core$_peek:pb
cljs$core$_persistent_BANG_:Sb
cljs$core$_pop:qb
cljs$core$_pr_writer:Mb
cljs$core$_reduce:yb
cljs$core$_remove_watch:Pb
cljs$core$_reset_BANG_:Zb
cljs$core$_rest:$a
cljs$core$_seq:Fb
cljs$core$_swap_BANG_:$b
cljs$core$_val:mb
cljs$core$_with_meta:wb
cljs$core$_write:Jb
cljs$core$aclone:Ka
cljs$core$apply:kd
cljs$core$apply$cljs$0core$0IFn$0_invoke$0arity$02:se
cljs$core$apply$cljs$0core$0IFn$0_invoke$0arity$03:te
cljs$core$apply$cljs$0core$0IFn$0_invoke$0arity$04:ue
cljs$core$apply$cljs$0core$0IFn$0_invoke$0arity$05:ve
cljs$core$apply$cljs$0core$0IFn$0_invoke$0arity$0variadic:we
cljs$core$apply_to:me
cljs$core$apply_to_simple$cljs$0core$0IFn$0_invoke$0arity$03:oe
cljs$core$apply_to_simple$cljs$0core$0IFn$0_invoke$0arity$04:pe
cljs$core$apply_to_simple$cljs$0core$0IFn$0_invoke$0arity$05:qe
cljs$core$apply_to_simple$cljs$0core$0IFn$0_invoke$0arity$06:re
cljs$core$array_QMARK_:Fa
cljs$core$array__GT_transient_hash_map:pg
cljs$core$array_copy:yd
cljs$core$array_for:uf
cljs$core$array_index_of:dg
cljs$core$array_reduce$cljs$0core$0IFn$0_invoke$0arity$02:Oc
cljs$core$array_reduce$cljs$0core$0IFn$0_invoke$0arity$03:Pc
cljs$core$array_reduce$cljs$0core$0IFn$0_invoke$0arity$04:Qc
cljs$core$assoc:W
cljs$core$assoc_in:jf
cljs$core$atom$cljs$0core$0IFn$0_invoke$0arity$01:Re
cljs$core$bit_count:Qd
cljs$core$boolean$0:Bd
cljs$core$bounded_count:je
cljs$core$build_subvec:Qf
cljs$core$butlast:bh
cljs$core$char$0:Od
cljs$core$char_escapes:sh
cljs$core$chunk_append:he
cljs$core$chunk_buffer:ee
cljs$core$chunk_cons:ge
cljs$core$chunked_seq:Gf
cljs$core$chunked_seq$cljs$0core$0IFn$0_invoke$0arity$04:Ff
cljs$core$chunked_seq$cljs$0core$0IFn$0_invoke$0arity$05:Of
cljs$core$chunked_seq_QMARK_:wd
cljs$core$ci_reduce$cljs$0core$0IFn$0_invoke$0arity$02:Mc
cljs$core$ci_reduce$cljs$0core$0IFn$0_invoke$0arity$03:Nc
cljs$core$clj__GT_js:Kh
cljs$core$clone_and_set$cljs$0core$0IFn$0_invoke$0arity$03:rg
cljs$core$coll_QMARK_:qd
cljs$core$complement:Ke
cljs$core$concat:le
cljs$core$conj:Zc
cljs$core$cons:S
cljs$core$contains_QMARK_:Ed
cljs$core$count:Q
cljs$core$counted_QMARK_:Rc
cljs$core$create_array_node_seq:Gg
cljs$core$create_array_node_seq$cljs$0core$0IFn$0_invoke$0arity$01:Fg
cljs$core$create_array_node_seq$cljs$0core$0IFn$0_invoke$0arity$03:Mg
cljs$core$create_inode_seq:yg
cljs$core$create_inode_seq$cljs$0core$0IFn$0_invoke$0arity$01:xg
cljs$core$create_inode_seq$cljs$0core$0IFn$0_invoke$0arity$03:Kg
cljs$core$create_node:Cg
cljs$core$create_node$cljs$0core$0IFn$0_invoke$0arity$06:Dg
cljs$core$create_node$cljs$0core$0IFn$0_invoke$0arity$07:Bg
cljs$core$deref:Lc
cljs$core$disj:od
cljs$core$dissoc:hd
cljs$core$do_assoc:vf
cljs$core$dominates:Vh
cljs$core$drop$cljs$0core$0IFn$0_invoke$0arity$02:We
cljs$core$drop_last$cljs$0core$0IFn$0_invoke$0arity$02:Xe
cljs$core$edit_and_set$cljs$0core$0IFn$0_invoke$0arity$04:tg
cljs$core$empty:ed
cljs$core$empty_QMARK_:pd
cljs$core$empty_ordered_hash:Fc
cljs$core$empty_unordered_hash:Hc
cljs$core$equiv_map:ag
cljs$core$equiv_sequential:Wc
cljs$core$es6_iterator:Bc
cljs$core$es6_iterator_seq:yc
cljs$core$even_QMARK_:Je
cljs$core$every_QMARK_:Ee
cljs$core$ex_data:mi
cljs$core$ex_info$cljs$0core$0IFn$0_invoke$0arity$02:ki
cljs$core$ex_info$cljs$0core$0IFn$0_invoke$0arity$03:li
cljs$core$filter$cljs$0core$0IFn$0_invoke$0arity$02:bf
cljs$core$find_and_cache_best_method:Wh
cljs$core$first:J
cljs$core$flatten:ef
cljs$core$fn_QMARK_:id
cljs$core$fnil$cljs$0core$0IFn$0_invoke$0arity$02:Me
cljs$core$frequencies:lh
cljs$core$gensym$cljs$0core$0IFn$0_invoke$0arity$01:Gh
cljs$core$gensym_counter:Fh
cljs$core$get:uc
cljs$core$get$cljs$0core$0IFn$0_invoke$0arity$02:F
cljs$core$get$cljs$0core$0IFn$0_invoke$0arity$03:vc
cljs$core$get_global_hierarchy:Nh
cljs$core$get_in$cljs$0core$0IFn$0_invoke$0arity$02:hf
cljs$core$hash:qc
cljs$core$hash_collision_node_find_index:Hg
cljs$core$hash_combine:rc
cljs$core$hash_ordered_coll:Ec
cljs$core$hash_string:pc
cljs$core$hash_unordered_coll:Gc
cljs$core$identity:Ld
cljs$core$ifn_QMARK_:Cd
cljs$core$imul:gc
cljs$core$inc:Ic
cljs$core$indexed_QMARK_:Sc
cljs$core$inode_kv_reduce:ug
cljs$core$instance_QMARK_:sc
cljs$core$integer_QMARK_:Dd
cljs$core$interleave:af
cljs$core$into:Ne
cljs$core$into_array$cljs$0core$0IFn$0_invoke$0arity$02:La
cljs$core$isa_QMARK_$cljs$0core$0IFn$0_invoke$0arity$03:Rh
cljs$core$iter_reduce$cljs$0core$0IFn$0_invoke$0arity$02:Hd
cljs$core$iter_reduce$cljs$0core$0IFn$0_invoke$0arity$03:Id
cljs$core$iterable_QMARK_:xc
cljs$core$juxt$cljs$0core$0IFn$0_invoke$0arity$02:mh
cljs$core$keep$cljs$0core$0IFn$0_invoke$0arity$02:Pe
cljs$core$key:Kf
cljs$core$key__GT_js$cljs$0core$0IFn$0_invoke$0arity$02:Jh
cljs$core$key_test:lg
cljs$core$keys:gg
cljs$core$keyword:$d
cljs$core$last:Yc
cljs$core$lift_ns:Ch
cljs$core$linear_traversal_nth$cljs$0core$0IFn$0_invoke$0arity$03:fd
cljs$core$list:Xd
cljs$core$list_QMARK_:Rd
cljs$core$lookup_sentinel:zd
cljs$core$m3_fmix:jc
cljs$core$m3_hash_unencoded_chars:lc
cljs$core$m3_mix_H1:ic
cljs$core$m3_mix_K1:hc
cljs$core$map:Ue
cljs$core$map_QMARK_:td
cljs$core$map_entry_QMARK_:Jf
cljs$core$mapv$cljs$0core$0IFn$0_invoke$0arity$02:ff
cljs$core$max:Nd
cljs$core$max_key:ch
cljs$core$merge:Tg
cljs$core$meta:md
cljs$core$missing_protocol:z
cljs$core$name:X
cljs$core$namespace:Zd
cljs$core$native_satisfies_QMARK_:y
cljs$core$never_equiv:$f
cljs$core$new_path:qf
cljs$core$next:N
cljs$core$next_STAR_:ne
cljs$core$nil_QMARK_:Ea
cljs$core$not:Ga
cljs$core$not_empty:ze
cljs$core$nth:Uc
cljs$core$nth$cljs$0core$0IFn$0_invoke$0arity$02:Tc
cljs$core$nth$cljs$0core$0IFn$0_invoke$0arity$03:V
cljs$core$pam_grow_seed_array:ng
cljs$core$pam_new_size:mg
cljs$core$parents$cljs$0core$0IFn$0_invoke$0arity$01:Sh
cljs$core$partial:Le
cljs$core$partition$cljs$0core$0IFn$0_invoke$0arity$03:gf
cljs$core$peek:nd
cljs$core$pop_tail:wf
cljs$core$pr_opts:ya
cljs$core$pr_sequential_writer:ph
cljs$core$pr_str_STAR_:fc
cljs$core$pr_str_with_opts:Ah
cljs$core$pr_writer:wh
cljs$core$pr_writer_impl:vh
cljs$core$prefers_STAR_:Uh
cljs$core$prim_seq$cljs$0core$0IFn$0_invoke$0arity$02:T
cljs$core$print_map:xh
cljs$core$print_meta_QMARK_:uh
cljs$core$print_prefix_map:Dh
cljs$core$push_tail:rf
cljs$core$pv_clone_node:of
cljs$core$pv_fresh_node:nf
cljs$core$pv_reduce$cljs$0core$0IFn$0_invoke$0arity$04:zf
cljs$core$pv_reduce$cljs$0core$0IFn$0_invoke$0arity$05:Af
cljs$core$quot:Pd
cljs$core$quote_string:th
cljs$core$ranged_iterator:yf
cljs$core$re_find:oh
cljs$core$re_matches:nh
cljs$core$record_QMARK_:ud
cljs$core$reduce:Na
cljs$core$reduce$cljs$0core$0IFn$0_invoke$0arity$02:Jd
cljs$core$reduce$cljs$0core$0IFn$0_invoke$0arity$03:Ma
cljs$core$reduce_kv:Kd
cljs$core$reduced_QMARK_:Kc
cljs$core$remove$cljs$0core$0IFn$0_invoke$0arity$02:cf
cljs$core$remove_pair:sg
cljs$core$repeat$cljs$0core$0IFn$0_invoke$0arity$02:$e
cljs$core$reset_BANG_:Se
cljs$core$reset_cache:Th
cljs$core$rest:zc
cljs$core$second:Xc
cljs$core$select_keys:Ug
cljs$core$seq:H
cljs$core$seq_QMARK_:Ad
cljs$core$seq_reduce$cljs$0core$0IFn$0_invoke$0arity$02:Fd
cljs$core$seq_reduce$cljs$0core$0IFn$0_invoke$0arity$03:Gd
cljs$core$sequential_QMARK_:sd
cljs$core$set:ah
cljs$core$set_QMARK_:rd
cljs$core$some:Ie
cljs$core$spread:ke
cljs$core$str:A
cljs$core$string_hash_cache:mc
cljs$core$string_hash_cache_count:nc
cljs$core$strip_ns:Bh
cljs$core$subvec:Rf
cljs$core$swap_BANG_:Te
cljs$core$symbol:wc
cljs$core$t_cljs$0core20459:Ae
cljs$core$tail_off:pf
cljs$core$take$cljs$0core$0IFn$0_invoke$0arity$02:Ve
cljs$core$take_last:Ye
cljs$core$take_nth$cljs$0core$0IFn$0_invoke$0arity$02:kh
cljs$core$throw_no_method_error:Xh
cljs$core$to_array:ie
cljs$core$transduce$cljs$0core$0IFn$0_invoke$0arity$04:Md
cljs$core$tree_seq:df
cljs$core$truth_:w
cljs$core$tv_editable_root:Df
cljs$core$tv_editable_tail:Ef
cljs$core$tv_ensure_editable:Sf
cljs$core$tv_push_tail:Tf
cljs$core$type:Ha
cljs$core$type__GT_str:Ia
cljs$core$unchecked_array_for:tf
cljs$core$update:lf
cljs$core$update_in:kf
cljs$core$val:Lf
cljs$core$vals:hg
cljs$core$vec:If
cljs$core$vector:Mf
cljs$core$vector_QMARK_:vd
cljs$core$vector_index_out_of_bounds:sf
cljs$core$with_meta:ld
cljs$core$write_all$cljs$0core$0IFn$0_invoke$0arity$0variadic:rh
cljs$cst$0$flush_on_newline:za
cljs$cst$1$readably:Aa
cljs$cst$105$more_marker:qh
cljs$cst$106$alt_impl:yh
cljs$cst$107$fallback_impl:zh
cljs$cst$108$val:Eh
cljs$cst$126$keyword_fn:Lh
cljs$cst$128$parents:Oh
cljs$cst$129$descendants:Ph
cljs$cst$130$ancestors:Qh
cljs$cst$138$uuid:yi
cljs$cst$139$type:Vl
cljs$cst$142$data:Pi
cljs$cst$177$warn:Uk
cljs$cst$178$error:Fj
cljs$cst$179$name:Qk
cljs$cst$182$class:Yi
cljs$cst$184$key:Ul
cljs$cst$186$on_dispose:ml
cljs$cst$187$f:Jk
cljs$cst$189$auto_run:Ki
cljs$cst$190$path:vj
cljs$cst$193$on_set:vk
cljs$cst$194$no_cache:Ai
cljs$cst$2$meta:Ba
cljs$cst$202$shouldComponentUpdate:Ri
cljs$cst$203$componentWillUnmount:Ek
cljs$cst$204$reagentRender:cj
cljs$cst$205$render:sj
cljs$cst$206$displayName:nl
cljs$cst$207$cljsLegacyRender:Pj
cljs$cst$208$childContextTypes:Ti
cljs$cst$209$contextTypes:fl
cljs$cst$210$contextType:kk
cljs$cst$211$getDerivedStateFromProps:Li
cljs$cst$212$getDerivedStateFromError:ql
cljs$cst$213$getInitialState:Mk
cljs$cst$214$constructor:zi
cljs$cst$215$reagent_render:al
cljs$cst$216$on_write:yk
cljs$cst$217$display_name:El
cljs$cst$218$component_did_update:Xk
cljs$cst$219$component_will_unmount:Wi
cljs$cst$222$id:ik
cljs$cst$223$className:Fk
cljs$cst$229$function_components:Rj
cljs$cst$230$parse_tag:Mi
cljs$cst$231$compiler:wl
cljs$cst$232$callback:vl
cljs$cst$233$log:ol
cljs$cst$234$debug:ek
cljs$cst$235$group:Jj
cljs$cst$236$groupEnd:Ei
cljs$cst$237$loaded_QMARK_:xk
cljs$cst$238$global_interceptors:$l
cljs$cst$239$sub:bm
cljs$cst$240$event:Vj
cljs$cst$241$cofx:il
cljs$cst$242$fx:oi
cljs$cst$248$after:Bj
cljs$cst$249$before:Fl
cljs$cst$250$comment:Il
cljs$cst$251$unnamed:Xl
cljs$cst$252$effects:Kl
cljs$cst$253$coeffects:fk
cljs$cst$254$direction:Hk
cljs$cst$255$interceptor:uk
cljs$cst$256$re_frame_DOT_interceptor_SLASH_original_exception_QMARK_:Qj
cljs$cst$257$queue:Kj
cljs$cst$258$stack:aj
cljs$cst$259$original_event:nj
cljs$cst$260$db:fj
cljs$cst$261$event_v:Al
cljs$cst$262$fx_handler:Uj
cljs$cst$263$db_handler:cl
cljs$cst$264$ctx_handler:Gj
cljs$cst$265$event_handler:Ej
cljs$cst$278$_LT__:Pl
cljs$cst$281$flush_dom:ul
cljs$cst$282$yield:Bl
cljs$cst$283$finish_run:Bk
cljs$cst$284$pause:Fi
cljs$cst$285$add_event:Ll
cljs$cst$286$run_queue:gl
cljs$cst$288$idle:Bi
cljs$cst$289$scheduled:ck
cljs$cst$290$running:Rk
cljs$cst$291$exception:Ol
cljs$cst$292$paused:dj
cljs$cst$293$resume:yl
cljs$cst$294$fsm_state:Sl
cljs$cst$295$trigger:pl
cljs$cst$299$queue:rk
cljs$cst$3$dup:Ca
cljs$cst$302$do_fx:oj
cljs$cst$304$ms:Lj
cljs$cst$305$dispatch:Di
cljs$cst$306$dispatch_later:Xj
cljs$cst$307$dispatch_n:wj
cljs$cst$308$deregister_event_handler:wi
cljs$cst$310$atom:hk
cljs$cst$311$sequential:Oj
cljs$cst$312$map:rj
cljs$cst$313$set:mk
cljs$cst$314$re_frame_DOT_std_interceptors_SLASH_not_found:jk
cljs$cst$315$unwrap:gj
cljs$cst$316$trim_v:qi
cljs$cst$322$inject_global_interceptors:lk
cljs$cst$341$nil:ni
cljs$cst$342$string:ui
cljs$cst$343$strable:hj
cljs$cst$344$vector:rl
cljs$cst$345$list:Sj
cljs$cst$346$hierarchy:Nk
cljs$cst$347$default:ei
cljs$cst$348$reader_exception:vi
cljs$cst$349$ex_kind:ij
cljs$cst$350$file:Wj
cljs$cst$351$line:si
cljs$cst$352$col:jj
cljs$cst$353$reader_error:Jl
cljs$cst$354$illegal_argument:Yk
cljs$cst$355$eof:Ij
cljs$cst$357$character:Dl
cljs$cst$358$column:Aj
cljs$cst$361$symbol:Ql
cljs$cst$362$_SLASH_:wk
cljs$cst$363$keyword:Yj
cljs$cst$364$NaN:Zj
cljs$cst$365$_Inf:Mj
cljs$cst$366$Inf:Xi
cljs$cst$389$namespaced_map:Nl
cljs$cst$392$readers:uj
cljs$cst$393$inst:bl
cljs$cst$394$js:xi
cljs$cst$395$thought:Hj
cljs$cst$396$dialogue:ak
cljs$cst$4$print_length:Da
cljs$cst$401$oval:lj
cljs$cst$404$ja:qk
cljs$cst$405$en:Gi
cljs$cst$406$text:tk
cljs$cst$408$kind:Si
cljs$cst$409$speaker:xl
cljs$cst$410$bubble:Zk
cljs$cst$412$div_DOT_mk_cap:Oi
cljs$cst$413$lang:zk
cljs$cst$414$div_DOT_mk_sfx:ej
cljs$cst$415$div_DOT_mk_bubble_DOT_mk_thought:Wl
cljs$cst$416$div_DOT_mk_bubble:mj
cljs$cst$417$span_DOT_mk_spk:Ni
cljs$cst$418$aria_hidden:Zi
cljs$cst$419$span_DOT_mk_line:ti
cljs$cst$420$div_DOT_mk_ov:ll
cljs$cst$421$l:Ik
cljs$cst$422$r:Ak
cljs$cst$423$nav_DOT_mk_langs:gk
cljs$cst$424$a:Lk
cljs$cst$425$href:Yl
cljs$cst$426$data_lang:xj
cljs$cst$427$src:Ji
cljs$cst$428$alt:$i
cljs$cst$429$desc:Tk
cljs$cst$430$elements:Gk
cljs$cst$431$figure_DOT_mk_fig:Ok
cljs$cst$432$img:Pk
cljs$cst$433$loading:dk
cljs$cst$434$div_DOT_mk_noart:yj
cljs$cst$435$p_DOT_mk_desc:bj
cljs$cst$436$title:tj
cljs$cst$437$crumb:Cj
cljs$cst$438$beat:Hi
cljs$cst$439$figures:Wk
cljs$cst$440$prev:jl
cljs$cst$441$next:tl
cljs$cst$442$locale:am
cljs$cst$443$locales:sk
cljs$cst$444$article_DOT_mk_chapter:Rl
cljs$cst$445$header_DOT_chead:$k
cljs$cst$446$p_DOT_crumb:zl
cljs$cst$447$h1:Qi
cljs$cst$448$p_DOT_beat:Vi
cljs$cst$449$div_DOT_mk_pages:Ii
cljs$cst$450$nav_DOT_chnav:kj
cljs$cst$451$span:Tl
cljs$cst$452$subtitle:Ml
cljs$cst$453$synopsis:kl
cljs$cst$454$volumes:Ci
cljs$cst$455$div:Tj
cljs$cst$456$header_DOT_hero:pi
cljs$cst$457$p_DOT_sub:Zl
cljs$cst$458$p_DOT_syn:Gl
cljs$cst$459$main:Kk
cljs$cst$460$chapters:Nj
cljs$cst$461$section_DOT_vol:el
cljs$cst$462$h2:Ui
cljs$cst$463$span_DOT_alt:Dj
cljs$cst$464$ol_DOT_chapters:ri
cljs$cst$465$n:Ck
cljs$cst$466$titleSub:Cl
cljs$cst$467$badge:dl
cljs$cst$468$li:bk
cljs$cst$469$span_DOT_cn:nk
cljs$cst$47$validator:sl
cljs$cst$470$span_DOT_ct:pk
cljs$cst$471$span_DOT_cja:hl
cljs$cst$472$span_DOT_cm:ok
cljs$cst$473$span_DOT_badge:Dk
cljs$cst$474$init:zj
cljs$cst$475$view:Hl
cljs$cst$476$set_locale:Sk
cljs$cst$78$tag:Vk
cljs$cst$98$cljs_DOT_core_SLASH_not_found:Wg
cljs$reader$_STAR_default_data_reader_fn_STAR_:er
cljs$reader$_STAR_tag_table_STAR_:fr
cljs$reader$check:cr
cljs$reader$days_in_month:$q
cljs$reader$parse_and_validate_timestamp:dr
cljs$reader$parse_int:br
cljs$reader$timestamp_regex:ar
cljs$tools$reader$edn$dispatch_macros:Cq
cljs$tools$reader$edn$escape_char:Qq
cljs$tools$reader$edn$macro_terminating_QMARK_:xq
cljs$tools$reader$edn$macros:yq
cljs$tools$reader$edn$not_constituent_QMARK_:zq
cljs$tools$reader$edn$read:Lq
cljs$tools$reader$edn$read$cljs$0core$0IFn$0_invoke$0arity$02:Zq
cljs$tools$reader$edn$read$cljs$0core$0IFn$0_invoke$0arity$04:Kq
cljs$tools$reader$edn$read_char_STAR_:Hq
cljs$tools$reader$edn$read_delimited:Jq
cljs$tools$reader$edn$read_discard:Wq
cljs$tools$reader$edn$read_dispatch:Bq
cljs$tools$reader$edn$read_keyword:Tq
cljs$tools$reader$edn$read_list:Mq
cljs$tools$reader$edn$read_map:Oq
cljs$tools$reader$edn$read_meta:Uq
cljs$tools$reader$edn$read_namespaced_map:Xq
cljs$tools$reader$edn$read_number:Pq
cljs$tools$reader$edn$read_set:Vq
cljs$tools$reader$edn$read_string_STAR_:Rq
cljs$tools$reader$edn$read_symbol:Sq
cljs$tools$reader$edn$read_symbolic_value:Yq
cljs$tools$reader$edn$read_tagged:Dq
cljs$tools$reader$edn$read_token$cljs$0core$0IFn$0_invoke$0arity$04:Aq
cljs$tools$reader$edn$read_unicode_char$cljs$0core$0IFn$0_invoke$0arity$04:Fq
cljs$tools$reader$edn$read_unicode_char$cljs$0core$0IFn$0_invoke$0arity$05:Gq
cljs$tools$reader$edn$read_unmatched_delimiter:Eq
cljs$tools$reader$edn$read_vector:Nq
cljs$tools$reader$edn$starting_line_col_info:Iq
cljs$tools$reader$impl$commons$float_pattern:rq
cljs$tools$reader$impl$commons$int_pattern:pq
cljs$tools$reader$impl$commons$match_number:tq
cljs$tools$reader$impl$commons$matches_QMARK_:sq
cljs$tools$reader$impl$commons$parse_symbol:uq
cljs$tools$reader$impl$commons$ratio_pattern:qq
cljs$tools$reader$impl$commons$read_comment:vq
cljs$tools$reader$impl$commons$read_past:oq
cljs$tools$reader$impl$commons$throwing_reader:wq
cljs$tools$reader$impl$errors$duplicate_keys_error:mq
cljs$tools$reader$impl$errors$eof_error$cljs$0core$0IFn$0_invoke$0arity$0variadic:fq
cljs$tools$reader$impl$errors$illegal_arg_error$cljs$0core$0IFn$0_invoke$0arity$0variadic:eq
cljs$tools$reader$impl$errors$reader_error$cljs$0core$0IFn$0_invoke$0arity$0variadic:dq
cljs$tools$reader$impl$errors$throw_bad_char:iq
cljs$tools$reader$impl$errors$throw_bad_octal_number:lq
cljs$tools$reader$impl$errors$throw_dup_keys:nq
cljs$tools$reader$impl$errors$throw_eof_reading$cljs$0core$0IFn$0_invoke$0arity$0variadic:jq
cljs$tools$reader$impl$errors$throw_ex$cljs$0core$0IFn$0_invoke$0arity$0variadic:cq
cljs$tools$reader$impl$errors$throw_invalid:hq
cljs$tools$reader$impl$errors$throw_invalid_unicode_digit:kq
cljs$tools$reader$impl$errors$throw_odd_map:gq
cljs$tools$reader$impl$inspect$dispatch_inspect:di
cljs$tools$reader$impl$inspect$inspect_STAR_:hi
cljs$tools$reader$impl$inspect$inspect_STAR__col:bq
cljs$tools$reader$impl$utils$char_code:Sp
cljs$tools$reader$impl$utils$namespace_keys:Rp
cljs$tools$reader$impl$utils$numeric_QMARK_:Qp
cljs$tools$reader$impl$utils$whitespace_QMARK_:Pp
cljs$tools$reader$impl$utils$ws_rx:Op
cljs$tools$reader$reader_types$PushbackReader:$p
cljs$tools$reader$reader_types$StringReader:Zp
cljs$tools$reader$reader_types$get_column_number:Xp
cljs$tools$reader$reader_types$get_file_name:Yp
cljs$tools$reader$reader_types$get_line_number:Wp
cljs$tools$reader$reader_types$indexing_reader_QMARK_:aq
cljs$tools$reader$reader_types$peek_char:Up
cljs$tools$reader$reader_types$read_char:Tp
cljs$tools$reader$reader_types$unread:Vp
clojure$data$atom_diff:Cp
clojure$data$diff:Fp
clojure$data$diff_associative:Gp
clojure$data$diff_associative_key:Ep
clojure$data$diff_sequential:Hp
clojure$data$diff_set:Ip
clojure$data$diff_similar:Kp
clojure$data$equality_partition:Jp
clojure$data$vectorize:Dp
clojure$set$bubble_max_key:Lm
clojure$set$difference:Nm
clojure$set$intersection:Mm
clojure$string$join$cljs$0core$0IFn$0_invoke$0arity$02:lm
clojure$string$replace:km
clojure$string$replace_all:im
clojure$string$replace_with:jm
clojure$string$split$cljs$0core$0IFn$0_invoke$0arity$03:mm
fn_to_element$jscomp$inline_991:eo
goog$UID_PROPERTY_:fa
goog$async$nextTick:po
goog$bind:ka
goog$bindJs_:ja
goog$bindNative_:ia
goog$dom$createElement:oo
goog$events$BrowserEvent:so
goog$events$BrowserEvent$IE_POINTER_TYPE_MAP:to
goog$events$BrowserFeature$PASSIVE_EVENTS:ro
goog$events$Event:qo
goog$events$LISTENER_MAP_PROP_:Ao
goog$events$LISTENER_WRAPPER_PROP_:Lo
goog$events$Listenable$IMPLEMENTED_BY_PROP:uo
goog$events$ListenableKey$counter_:vo
goog$events$Listener:wo
goog$events$ListenerMap:yo
goog$events$ListenerMap$findListenerIndex_:zo
goog$events$getListenerMap_:Ho
goog$events$getOnString_:Jo
goog$events$getProxy:Io
goog$events$handleBrowserEvent_:Ko
goog$events$listen:Do
goog$events$listenOnce:Eo
goog$events$listen_:Go
goog$events$listenerCountEstimate_:Co
goog$events$onStringMap_:Bo
goog$events$wrapListener:Fo
goog$exportPath_:ca
goog$getUid:ea
goog$global:ba
goog$inherits:la
goog$isObject:da
goog$reflect$sinkValue:na
goog$string$StringBuffer:wa
goog$typeOf:r
goog$uidCounter_:ha
goog$userAgent$GECKO:lo
goog$userAgent$WEBKIT:mo
hierarchy__5603__auto__$jscomp$inline_1570:Zh
id$jscomp$inline_990:co
kami$mangaka$reader$app$mount:Fr
kami$mangaka$reader$app$read_global:pr
kami$mangaka$reader$app$root:jo
kami$mangaka$reader$app$wire_lang_switch_BANG_:or
kami$mangaka$reader$views$chapter_view:mr
kami$mangaka$reader$views$index_view:nr
kami$mangaka$reader$views$locale_switch:kr
kami$mangaka$reader$views$page_figure:lr
kami$mangaka$text$element__GT_hiccup:ir
kami$mangaka$text$fallback_order:gr
kami$mangaka$text$localize$cljs$0core$0IFn$0_invoke$0arity$03:hr
kami$mangaka$text$overlay:jr
listener$jscomp$inline_1017:Wo
method_cache__5601__auto__$jscomp$inline_1568:bi
method_table__5599__auto__$jscomp$inline_1566:$h
module$contents$goog$array_indexOf:ua
module$contents$goog$labs$userAgent$platform_isIphone:ko
module$contents$goog$labs$userAgent$util_getNativeUserAgentString:sa
module$contents$goog$labs$userAgent$util_matchUserAgent:ta
module$contents$goog$object_PROTOTYPE_FIELDS:qa
module$contents$goog$object_extend:ra
module$contents$goog$object_get:pa
module$contents$goog$object_getKeys:oa
module$node_modules$react$index:gm
module$node_modules$react_dom$index:hm
navigator$jscomp$inline_995:no
opts$jscomp$inline_989:bo
parse_fn$jscomp$inline_992:fo
prefer_table__5600__auto__$jscomp$inline_1567:ai
re_frame$cofx$inject_db:Bp
re_frame$core$reg_event_db:Np
re_frame$db$app_db:Ro
re_frame$events$_STAR_handling_STAR_:gp
re_frame$events$handle:hp
re_frame$fx$dispatch_later:Ap
re_frame$fx$do_fx:zp
re_frame$interceptor$__GT_interceptor:ap
re_frame$interceptor$assoc_coeffect:cp
re_frame$interceptor$change_direction:fp
re_frame$interceptor$enqueue:ep
re_frame$interceptor$get_coeffect$cljs$0core$0IFn$0_invoke$0arity$02:bp
re_frame$interceptor$invoke_interceptors:dp
re_frame$interop$add_on_dispose_BANG_:Oo
re_frame$interop$deref_QMARK_:No
re_frame$interop$empty_queue:Oe
re_frame$interop$reagent_id:Qo
re_frame$interop$set_timeout_BANG_:Po
re_frame$loggers$console:To
re_frame$loggers$loggers:So
re_frame$registrar$clear_handlers:$o
re_frame$registrar$get_handler$cljs$0core$0IFn$0_invoke$0arity$02:Yo
re_frame$registrar$kind__GT_id__GT_handler:Xo
re_frame$registrar$register_handler:Zo
re_frame$router$dispatch:yp
re_frame$router$event_queue:xp
re_frame$router$later_fns:qp
re_frame$settings$store:Vo
re_frame$std_interceptors$db_handler__GT_interceptor:Lp
re_frame$std_interceptors$inject_global_interceptors:Mp
re_frame$subs$cache_and_return:jp
re_frame$subs$cache_lookup$cljs$0core$0IFn$0_invoke$0arity$02:kp
re_frame$subs$deref_input_signals:np
re_frame$subs$map_vals:mp
re_frame$subs$query__GT_reaction:ip
re_frame$subs$reg_sub:pp
re_frame$subs$subscribe:lp
re_frame$subs$sugar:op
re_frame$utils$first_in_vector:Uo
reagent$core$after_render:Mo
reagent$dom$render$cljs$0core$0IFn$0_invoke$0arity$03:io
reagent$dom$render_comp:ho
reagent$dom$roots:go
reagent$impl$batching$RenderQueue:Em
reagent$impl$batching$compare_mount_order:Am
reagent$impl$batching$enqueue:Dm
reagent$impl$batching$fake_raf:ym
reagent$impl$batching$mount_count:xm
reagent$impl$batching$next_tick:zm
reagent$impl$batching$queue_render:Gm
reagent$impl$batching$ratom_flush:Bm
reagent$impl$batching$render_queue:Fm
reagent$impl$batching$run_funs:Cm
reagent$impl$component$_STAR_current_component_STAR_:ln
reagent$impl$component$built_in_static_method_names:Vg
reagent$impl$component$cache_react_class:xn
reagent$impl$component$camelify_map_keys:sn
reagent$impl$component$cljsify:vn
reagent$impl$component$create_class:wn
reagent$impl$component$custom_wrapper:pn
reagent$impl$component$dash_to_method_name:rn
reagent$impl$component$functional_render:zn
reagent$impl$component$functional_render_fn:Bn
reagent$impl$component$functional_render_memo_fn:An
reagent$impl$component$functional_wrap_render:yn
reagent$impl$component$map_to_js:un
reagent$impl$component$obligatory:qn
reagent$impl$component$props_argv:mn
reagent$impl$component$rat_opts:kn
reagent$impl$component$reagent_class_QMARK_:nn
reagent$impl$component$wrap_funs:tn
reagent$impl$component$wrap_render:on
reagent$impl$input$_STAR_force_set_dom_value_STAR_:Dn
reagent$impl$input$input_component_set_value:Fn
reagent$impl$input$input_handle_change:Gn
reagent$impl$input$input_node_set_value:En
reagent$impl$input$input_render_setup:Hn
reagent$impl$input$input_spec:In
reagent$impl$input$these_inputs_have_selection_api:Cn
reagent$impl$protocols$as_element:Jm
reagent$impl$protocols$get_id:Hm
reagent$impl$protocols$make_element:Km
reagent$impl$protocols$parse_tag:Im
reagent$impl$template$HiccupTag:Sn
reagent$impl$template$_STAR_current_default_compiler_STAR_:ao
reagent$impl$template$cache_get:Ln
reagent$impl$template$convert_custom_prop_value:Qn
reagent$impl$template$convert_prop_value:Nn
reagent$impl$template$custom_kv_conv:Pn
reagent$impl$template$custom_prop_name_cache:On
reagent$impl$template$expand_seq:Yn
reagent$impl$template$function_element:Un
reagent$impl$template$kv_conv:Mn
reagent$impl$template$make_element:Rn
reagent$impl$template$maybe_function_element:Vn
reagent$impl$template$native_element:Xn
reagent$impl$template$prop_name_cache:Kn
reagent$impl$template$re_tag:Jn
reagent$impl$template$reag_element:Tn
reagent$impl$template$t_reagent$0impl$0template22227:$n
reagent$impl$template$tag_name_cache:Wn
reagent$impl$template$vec_to_elem:Zn
reagent$impl$util$_STAR_always_update_STAR_:um
reagent$impl$util$capitalize:pm
reagent$impl$util$class_names:tm
reagent$impl$util$dash_to_prop_name:qm
reagent$impl$util$dont_camel_case:om
reagent$impl$util$fun_name:rm
reagent$impl$util$get_react_key:vm
reagent$impl$util$is_client:nm
reagent$impl$util$named_QMARK_:sm
reagent$impl$util$react_key_from_vec:wm
reagent$ratom$RAtom:Wm
reagent$ratom$RCursor:an
reagent$ratom$Reaction:dn
reagent$ratom$Track:$m
reagent$ratom$_STAR_ratom_context_STAR_:Om
reagent$ratom$add_on_dispose_BANG_:cn
reagent$ratom$add_w:Rm
reagent$ratom$atom:Xm
reagent$ratom$cached_reaction:Ym
reagent$ratom$deref_capture:Pm
reagent$ratom$dispose_BANG_:bn
reagent$ratom$flush_BANG_:en
reagent$ratom$handle_reaction_change:Ob
reagent$ratom$make_reaction:Zm
reagent$ratom$notify_deref_watcher_BANG_:Qm
reagent$ratom$notify_w:Tm
reagent$ratom$pr_atom:Um
reagent$ratom$rea_queue:Vm
reagent$ratom$remove_w:Sm
reagent$ratom$run_in_reaction:gn
reagent$ratom$temp_reaction:fn
shadow$js$files:cm
shadow$js$jsRequire:fm
shadow$js$nativeProvides:dm
shadow$js$requireStack:em
