JSCompiler_StaticMethods_assoc_BANG_:ug
JSCompiler_StaticMethods_cljs$core$IMultiFn$_add_method$arity$3:Ch
JSCompiler_StaticMethods_cljs$core$IMultiFn$_get_method$arity$2:Bh
JSCompiler_StaticMethods_cljs$core$ITransientVector$_assoc_n_BANG_$arity$3:wf
JSCompiler_StaticMethods_cljs$core$async$impl$channels$MMC$abort$arity$1:ql
JSCompiler_StaticMethods_cljs$core$async$impl$protocols$Buffer$full_QMARK_$arity$1:al
JSCompiler_StaticMethods_cljs$core$async$impl$protocols$Channel$close_BANG_$arity$1:rl
JSCompiler_StaticMethods_cljs$core$async$impl$protocols$ReadPort$take_BANG_$arity$2:tl
JSCompiler_StaticMethods_sval:Od
JSCompiler_prototypeAlias:h
L 0:a
L 1:b
L 10:n
L 11:p
L 12:q
L 13:r
L 14:t
L 15:w
L 16:z
L 17:H
L 18:I
L 19:P
L 2:c
L 20:Y
L 21:na
L 22:wb
L 23:Nj
L 24:sd
L 25:ae
L 26:Nb
L 27:nf
L 28:Oj
L 29:Bc
L 3:d
L 30:Ug
L 31:Vg
L 32:of
L 4:e
L 5:f
L 6:g
L 7:k
L 8:l
L 9:m
cached_hierarchy__5602__auto__$jscomp$inline_1221:yh
cljs$core$ArrayChunk:Qd
cljs$core$ArrayNode:dg
cljs$core$ArrayNodeIterator:hg
cljs$core$ArrayNodeSeq:og
cljs$core$Atom:ze
cljs$core$BitmapIndexedNode:$f
cljs$core$BitmapIndexedNode$EMPTY:cg
cljs$core$Box:Uf
cljs$core$ChunkBuffer:Pd
cljs$core$ChunkedCons:Sd
cljs$core$ChunkedSeq:sf
cljs$core$Cons:Hd
cljs$core$ES6EntriesIterator:Ff
cljs$core$ES6Iterator:mc
cljs$core$ES6IteratorSeq:oc
cljs$core$ES6SetEntriesIterator:Gf
cljs$core$EmptyList:Ed
cljs$core$ExceptionInfo:Eh
cljs$core$HashCollisionNode:lg
cljs$core$HashMapIter:qg
cljs$core$HashSetIter:yg
cljs$core$IAssociative:Wa
cljs$core$ICollection:La
cljs$core$IComparable:Fb
cljs$core$ICounted:Ha
cljs$core$IEmptyableCollection:Ja
cljs$core$IEncodeJS:bh
cljs$core$IIndexed:Na
cljs$core$IIndexed$_nth$dyn_21991:Pa
cljs$core$IIterable:Qb
cljs$core$IKVReduce:mb
cljs$core$IList:tb
cljs$core$ILookup:Ta
cljs$core$ILookup$_lookup$dyn_22007:Va
cljs$core$IMap:$a
cljs$core$IMeta:gb
cljs$core$INext:Ra
cljs$core$IPrintWithWriter:zb
cljs$core$IRecord:ub
cljs$core$IReduce:jb
cljs$core$IReduce$_reduce$dyn_22078:lb
cljs$core$IReversible:vb
cljs$core$ISeqable:qb
cljs$core$ISequential:sb
cljs$core$ISet:db
cljs$core$ISwap$_swap_BANG_$dyn_22245:Pb
cljs$core$ITER_SYMBOL:Ca
cljs$core$IVector:fb
cljs$core$IndexedSeq:K
cljs$core$IndexedSeqIterator:Ec
cljs$core$KeySeq:vg
cljs$core$Keyword:G
cljs$core$LazySeq:Nd
cljs$core$List:Nc
cljs$core$List$EMPTY:lc
cljs$core$MapEntry:df
cljs$core$MetaFn:Sc
cljs$core$MultiFn:th
cljs$core$NeverEquiv:Bf
cljs$core$NodeIterator:Zf
cljs$core$NodeSeq:mg
cljs$core$PROTOCOL_SENTINEL:v
cljs$core$PersistentArrayMap:x
cljs$core$PersistentArrayMap$EMPTY:le
cljs$core$PersistentArrayMap$HASHMAP_THRESHOLD:Nf
cljs$core$PersistentArrayMap$createAsIfByAssoc:Qc
cljs$core$PersistentArrayMap$createAsIfByAssocComplexPath:Sf
cljs$core$PersistentArrayMapIterator:Jf
cljs$core$PersistentArrayMapSeq:If
cljs$core$PersistentHashMap:rg
cljs$core$PersistentHashMap$EMPTY:Of
cljs$core$PersistentHashMap$fromArrays:tg
cljs$core$PersistentHashSet:zg
cljs$core$PersistentHashSet$EMPTY:xe
cljs$core$PersistentQueue:zf
cljs$core$PersistentQueue$EMPTY:Af
cljs$core$PersistentQueueIter:xf
cljs$core$PersistentQueueSeq:yf
cljs$core$PersistentVector:X
cljs$core$PersistentVector$EMPTY:Mc
cljs$core$PersistentVector$EMPTY_NODE:Z
cljs$core$PersistentVector$fromArray:kf
cljs$core$RSeq:Fc
cljs$core$RangedIterator:af
cljs$core$RecordIter:Ef
cljs$core$Reduced:tc
cljs$core$Repeat:Ge
cljs$core$StringBufferWriter:Tb
cljs$core$Symbol:fc
cljs$core$TransientArrayMap:Mf
cljs$core$TransientHashMap:sg
cljs$core$TransientHashSet:Ag
cljs$core$TransientVector:ef
cljs$core$UUID:Dh
cljs$core$ValSeq:wg
cljs$core$VectorNode:Te
cljs$core$_:xd
cljs$core$_EQ_:Q
cljs$core$_PLUS_:wd
cljs$core$_STAR_print_level_STAR_:ra
cljs$core$__destructure_map:ke
cljs$core$_as_transient:Bb
cljs$core$_assoc:Ya
cljs$core$_assoc_BANG_:Eb
cljs$core$_chunked_first:Ib
cljs$core$_chunked_rest:Jb
cljs$core$_clj__GT_js:ch
cljs$core$_compare:Gb
cljs$core$_conj:Ma
cljs$core$_conj_BANG_:Cb
cljs$core$_contains_key_QMARK_:Xa
cljs$core$_count:Ia
cljs$core$_deref:E
cljs$core$_disjoin:eb
cljs$core$_dissoc:ab
cljs$core$_drop:Sb
cljs$core$_drop_first:Hb
cljs$core$_empty:Ka
cljs$core$_equiv:ob
cljs$core$_find:Za
cljs$core$_first:D
cljs$core$_global_hierarchy:hh
cljs$core$_hash:pb
cljs$core$_indexOf$cljs$0core$0IFn$0_invoke$0arity$03:R
cljs$core$_iterator:Rb
cljs$core$_key:bb
cljs$core$_kv_reduce:nb
cljs$core$_lastIndexOf$cljs$0core$0IFn$0_invoke$0arity$03:T
cljs$core$_lookup:Ua
cljs$core$_meta:hb
cljs$core$_name:Kb
cljs$core$_namespace:Lb
cljs$core$_next:Sa
cljs$core$_nth:Oa
cljs$core$_persistent_BANG_:Db
cljs$core$_pr_writer:Ab
cljs$core$_reduce:kb
cljs$core$_reset_BANG_:Mb
cljs$core$_rest:Qa
cljs$core$_rseq:xb
cljs$core$_seq:rb
cljs$core$_swap_BANG_:Ob
cljs$core$_val:cb
cljs$core$_with_meta:ib
cljs$core$_write:yb
cljs$core$aclone:Da
cljs$core$apply:Tc
cljs$core$apply$cljs$0core$0IFn$0_invoke$0arity$02:fe
cljs$core$apply$cljs$0core$0IFn$0_invoke$0arity$03:ge
cljs$core$apply$cljs$0core$0IFn$0_invoke$0arity$04:he
cljs$core$apply$cljs$0core$0IFn$0_invoke$0arity$05:ie
cljs$core$apply$cljs$0core$0IFn$0_invoke$0arity$0variadic:je
cljs$core$apply_to:Zd
cljs$core$apply_to_simple$cljs$0core$0IFn$0_invoke$0arity$03:be
cljs$core$apply_to_simple$cljs$0core$0IFn$0_invoke$0arity$04:ce
cljs$core$apply_to_simple$cljs$0core$0IFn$0_invoke$0arity$05:de
cljs$core$apply_to_simple$cljs$0core$0IFn$0_invoke$0arity$06:ee
cljs$core$array_QMARK_:ya
cljs$core$array__GT_transient_hash_map:Tf
cljs$core$array_copy:dd
cljs$core$array_for:Ze
cljs$core$array_index_of:Hf
cljs$core$array_reduce$cljs$0core$0IFn$0_invoke$0arity$02:wc
cljs$core$array_reduce$cljs$0core$0IFn$0_invoke$0arity$03:xc
cljs$core$array_reduce$cljs$0core$0IFn$0_invoke$0arity$04:yc
cljs$core$assoc:Pc
cljs$core$assoc_BANG_$cljs$0core$0IFn$0_invoke$0arity$03:Yd
cljs$core$assoc_in:Qe
cljs$core$async$chan$cljs$0core$0IFn$0_invoke$0arity$03:pn
cljs$core$async$fhnop:sl
cljs$core$async$impl$buffers$FixedBuffer:$k
cljs$core$async$impl$buffers$RingBuffer:Zk
cljs$core$async$impl$buffers$acopy:Yk
cljs$core$async$impl$channels$ManyToManyChannel:pl
cljs$core$async$impl$channels$PutBox:nl
cljs$core$async$impl$channels$box:nn
cljs$core$async$impl$channels$chan$cljs$0core$0IFn$0_invoke$0arity$03:wl
cljs$core$async$impl$channels$ex_handler:ul
cljs$core$async$impl$channels$handle:vl
cljs$core$async$impl$channels$put_active_QMARK_:ol
cljs$core$async$impl$channels$t_cljs$0core$0async$0impl$0channels23551:ml
cljs$core$async$impl$dispatch$process_messages:jl
cljs$core$async$impl$dispatch$queue_dispatcher:kl
cljs$core$async$impl$dispatch$queued_QMARK_:il
cljs$core$async$impl$dispatch$run:ll
cljs$core$async$impl$dispatch$running_QMARK_:hl
cljs$core$async$impl$dispatch$tasks:gl
cljs$core$async$impl$ioc_helpers$return_chan:El
cljs$core$async$impl$ioc_helpers$run_state_machine_wrapped:Cl
cljs$core$async$impl$ioc_helpers$t_cljs$0core$0async$0impl$0ioc_helpers23555:Bl
cljs$core$async$impl$ioc_helpers$take_BANG_:Dl
cljs$core$async$impl$protocols$active_QMARK_:Uk
cljs$core$async$impl$protocols$add_BANG_:Xk
cljs$core$async$impl$protocols$add_BANG__STAR_:Wk
cljs$core$async$impl$protocols$commit:Vk
cljs$core$async$impl$protocols$put_BANG_:cl
cljs$core$async$impl$timers$SkipList:Al
cljs$core$async$impl$timers$SkipListNode:xl
cljs$core$async$impl$timers$least_greater_node$cljs$0core$0IFn$0_invoke$0arity$04:zl
cljs$core$async$impl$timers$skip_list_node$cljs$0core$0IFn$0_invoke$0arity$03:yl
cljs$core$async$t_cljs$0core$0async21979:on
cljs$core$atom$cljs$0core$0IFn$0_invoke$0arity$01:Ae
cljs$core$bit_count:Cd
cljs$core$boolean$0:fd
cljs$core$bounded_count:Vd
cljs$core$char$0:yd
cljs$core$char_escapes:Ng
cljs$core$chunk_append:Ud
cljs$core$chunk_buffer:Rd
cljs$core$chunk_cons:Td
cljs$core$chunked_seq:jf
cljs$core$chunked_seq$cljs$0core$0IFn$0_invoke$0arity$04:hf
cljs$core$chunked_seq$cljs$0core$0IFn$0_invoke$0arity$05:tf
cljs$core$chunked_seq_QMARK_:cd
cljs$core$clj__GT_js:eh
cljs$core$clone_and_set$cljs$0core$0IFn$0_invoke$0arity$03:Vf
cljs$core$comp:te
cljs$core$compare:id
cljs$core$compare_indexed$cljs$0core$0IFn$0_invoke$0arity$02:jd
cljs$core$compare_keywords:Id
cljs$core$compare_symbols:ec
cljs$core$complement:re
cljs$core$concat:Xd
cljs$core$conj:Lc
cljs$core$cons:U
cljs$core$constantly:se
cljs$core$contains_QMARK_:hd
cljs$core$count:S
cljs$core$counted_QMARK_:zc
cljs$core$create_array_node_seq:jg
cljs$core$create_array_node_seq$cljs$0core$0IFn$0_invoke$0arity$01:ig
cljs$core$create_array_node_seq$cljs$0core$0IFn$0_invoke$0arity$03:pg
cljs$core$create_inode_seq:bg
cljs$core$create_inode_seq$cljs$0core$0IFn$0_invoke$0arity$01:ag
cljs$core$create_inode_seq$cljs$0core$0IFn$0_invoke$0arity$03:ng
cljs$core$create_node:fg
cljs$core$create_node$cljs$0core$0IFn$0_invoke$0arity$06:gg
cljs$core$create_node$cljs$0core$0IFn$0_invoke$0arity$07:eg
cljs$core$deref:vc
cljs$core$disj:Wc
cljs$core$dissoc:Rc
cljs$core$do_assoc:$e
cljs$core$dominates:qh
cljs$core$double$0:zd
cljs$core$drop$cljs$0core$0IFn$0_invoke$0arity$02:Fe
cljs$core$edit_and_set$cljs$0core$0IFn$0_invoke$0arity$04:Xf
cljs$core$empty_QMARK_:Xc
cljs$core$empty_ordered_hash:qc
cljs$core$empty_unordered_hash:sc
cljs$core$equiv_map:Df
cljs$core$equiv_sequential:Gc
cljs$core$es6_iterator:nc
cljs$core$es6_iterator_seq:kc
cljs$core$even_QMARK_:qe
cljs$core$every_QMARK_:oe
cljs$core$ex_info$cljs$0core$0IFn$0_invoke$0arity$02:Fh
cljs$core$filter$cljs$0core$0IFn$0_invoke$0arity$02:Je
cljs$core$find_and_cache_best_method:rh
cljs$core$first:M
cljs$core$fix:Ad
cljs$core$fn__GT_comparator:kd
cljs$core$fnil$cljs$0core$0IFn$0_invoke$0arity$02:we
cljs$core$frequencies:Eg
cljs$core$get:gc
cljs$core$get$cljs$0core$0IFn$0_invoke$0arity$02:F
cljs$core$get$cljs$0core$0IFn$0_invoke$0arity$03:hc
cljs$core$get_global_hierarchy:ih
cljs$core$get_in$cljs$0core$0IFn$0_invoke$0arity$02:Oe
cljs$core$get_in$cljs$0core$0IFn$0_invoke$0arity$03:Pe
cljs$core$group_by:gh
cljs$core$hash:cc
cljs$core$hash_collision_node_find_index:kg
cljs$core$hash_combine:dc
cljs$core$hash_ordered_coll:pc
cljs$core$hash_string:bc
cljs$core$hash_unordered_coll:rc
cljs$core$identity:ud
cljs$core$imul:Vb
cljs$core$indexed_QMARK_:Ac
cljs$core$inode_kv_reduce:Yf
cljs$core$integer_QMARK_:gd
cljs$core$interleave:He
cljs$core$into:Le
cljs$core$into_array$cljs$0core$0IFn$0_invoke$0arity$02:Ea
cljs$core$isa_QMARK_$cljs$0core$0IFn$0_invoke$0arity$03:mh
cljs$core$iter_reduce$cljs$0core$0IFn$0_invoke$0arity$02:pd
cljs$core$iter_reduce$cljs$0core$0IFn$0_invoke$0arity$03:qd
cljs$core$iterable_QMARK_:jc
cljs$core$juxt$cljs$0core$0IFn$0_invoke$0arity$02:Fg
cljs$core$juxt$cljs$0core$0IFn$0_invoke$0arity$03:Gg
cljs$core$keep$cljs$0core$0IFn$0_invoke$0arity$02:ye
cljs$core$key:pf
cljs$core$key__GT_js$cljs$0core$0IFn$0_invoke$0arity$02:dh
cljs$core$key_test:Pf
cljs$core$keys:Kf
cljs$core$keyword:Ld
cljs$core$keyword_identical_QMARK_:Jd
cljs$core$lift_ns:Zg
cljs$core$linear_traversal_nth$cljs$0core$0IFn$0_invoke$0arity$03:Oc
cljs$core$list:Gd
cljs$core$list_QMARK_:Dd
cljs$core$lookup_sentinel:ed
cljs$core$m3_fmix:Yb
cljs$core$m3_hash_unencoded_chars:Zb
cljs$core$m3_mix_H1:Xb
cljs$core$m3_mix_K1:Wb
cljs$core$map:De
cljs$core$map_QMARK_:$c
cljs$core$map_entry_QMARK_:mf
cljs$core$mapcat$cljs$0core$0IFn$0_invoke$0arity$0variadic:Ie
cljs$core$mapv$cljs$0core$0IFn$0_invoke$0arity$02:Me
cljs$core$max_key:Cg
cljs$core$merge:xg
cljs$core$meta:Vc
cljs$core$missing_protocol:B
cljs$core$name:Md
cljs$core$namespace:Kd
cljs$core$native_satisfies_QMARK_:A
cljs$core$never_equiv:Cf
cljs$core$new_path:We
cljs$core$next:O
cljs$core$next_STAR_:$d
cljs$core$not:za
cljs$core$not_empty:me
cljs$core$nth:Dc
cljs$core$nth$cljs$0core$0IFn$0_invoke$0arity$02:Cc
cljs$core$nth$cljs$0core$0IFn$0_invoke$0arity$03:W
cljs$core$pam_grow_seed_array:Rf
cljs$core$pam_new_size:Qf
cljs$core$parents$cljs$0core$0IFn$0_invoke$0arity$01:nh
cljs$core$partial$cljs$0core$0IFn$0_invoke$0arity$02:ue
cljs$core$pr_opts:sa
cljs$core$pr_sequential_writer:Kg
cljs$core$pr_str_STAR_:Ub
cljs$core$pr_str_with_opts:Xg
cljs$core$pr_writer:Rg
cljs$core$pr_writer_impl:Qg
cljs$core$prefers_STAR_:ph
cljs$core$prim_seq$cljs$0core$0IFn$0_invoke$0arity$02:V
cljs$core$print_map:Sg
cljs$core$print_meta_QMARK_:Pg
cljs$core$print_prefix_map:$g
cljs$core$push_tail:Xe
cljs$core$pv_fresh_node:Ue
cljs$core$pv_reduce$cljs$0core$0IFn$0_invoke$0arity$04:bf
cljs$core$pv_reduce$cljs$0core$0IFn$0_invoke$0arity$05:cf
cljs$core$quot:Bd
cljs$core$quote_string:Og
cljs$core$re_find:Jg
cljs$core$re_matches:Ig
cljs$core$record_QMARK_:ad
cljs$core$reduce:Ga
cljs$core$reduce$cljs$0core$0IFn$0_invoke$0arity$02:rd
cljs$core$reduce$cljs$0core$0IFn$0_invoke$0arity$03:Fa
cljs$core$reduce_kv:td
cljs$core$reduced_QMARK_:uc
cljs$core$remove$cljs$0core$0IFn$0_invoke$0arity$02:Ke
cljs$core$remove_pair:Wf
cljs$core$reset_BANG_:Be
cljs$core$reset_cache:oh
cljs$core$rest:N
cljs$core$reverse:Fd
cljs$core$second:Kc
cljs$core$seq:J
cljs$core$seq_reduce:Ic
cljs$core$seq_reduce$cljs$0core$0IFn$0_invoke$0arity$02:Hc
cljs$core$seq_reduce$cljs$0core$0IFn$0_invoke$0arity$03:Jc
cljs$core$sequential_QMARK_:Zc
cljs$core$set:Bg
cljs$core$set_QMARK_:Yc
cljs$core$some:pe
cljs$core$sort$cljs$0core$0IFn$0_invoke$0arity$02:ld
cljs$core$sort_by$cljs$0core$0IFn$0_invoke$0arity$02:nd
cljs$core$sort_by$cljs$0core$0IFn$0_invoke$0arity$03:od
cljs$core$spread:Wd
cljs$core$str:C
cljs$core$string_hash_cache:$b
cljs$core$string_hash_cache_count:ac
cljs$core$strip_ns:Yg
cljs$core$swap_BANG_:Ce
cljs$core$symbol:ic
cljs$core$t_cljs$0core20489:ne
cljs$core$tail_off:Ve
cljs$core$take$cljs$0core$0IFn$0_invoke$0arity$02:Ee
cljs$core$take_nth$cljs$0core$0IFn$0_invoke$0arity$02:Dg
cljs$core$throw_no_method_error:sh
cljs$core$to_array:md
cljs$core$transduce$cljs$0core$0IFn$0_invoke$0arity$04:vd
cljs$core$truth_:y
cljs$core$tv_editable_root:ff
cljs$core$tv_editable_tail:gf
cljs$core$tv_ensure_editable:uf
cljs$core$tv_push_tail:vf
cljs$core$type:Aa
cljs$core$type__GT_str:Ba
cljs$core$unchecked_array_for:Ye
cljs$core$update$cljs$0core$0IFn$0_invoke$0arity$03:Re
cljs$core$update$cljs$0core$0IFn$0_invoke$0arity$04:Se
cljs$core$val:qf
cljs$core$vals:Lf
cljs$core$vec:lf
cljs$core$vector:rf
cljs$core$vector_QMARK_:bd
cljs$core$with_meta:Uc
cljs$core$write_all$cljs$0core$0IFn$0_invoke$0arity$0variadic:Mg
cljs$cst$0$flush_on_newline:ta
cljs$cst$1$readably:ua
cljs$cst$105$more_marker:Lg
cljs$cst$106$alt_impl:Tg
cljs$cst$107$fallback_impl:Wg
cljs$cst$108$val:ah
cljs$cst$126$keyword_fn:fh
cljs$cst$128$parents:jh
cljs$cst$129$descendants:kh
cljs$cst$130$ancestors:lh
cljs$cst$138$uuid:Sh
cljs$cst$139$type:hk
cljs$cst$142$data:Yh
cljs$cst$177$entities:Aj
cljs$cst$178$by_key:ti
cljs$cst$179$basis_t:ji
cljs$cst$180$origin:dj
cljs$cst$181$dirty:Mj
cljs$cst$182$removed:Mi
cljs$cst$183$kami_SLASH_eid:bi
cljs$cst$184$snapshot_SLASH_entities:Ti
cljs$cst$185$snapshot_SLASH_t:gk
cljs$cst$187$eid:cj
cljs$cst$188$db_SLASH_retractEntity:Fi
cljs$cst$189$transform_SLASH_translation:Ih
cljs$cst$190$transform_SLASH_rotation:yi
cljs$cst$191$transform_SLASH_scale:hj
cljs$cst$192$asset_SLASH_id:hi
cljs$cst$193$camera_SLASH_active_QMARK_:Qi
cljs$cst$194$view:Uj
cljs$cst$195$proj:ek
cljs$cst$196$camera_SLASH_fov:Ii
cljs$cst$197$camera_SLASH_near:mj
cljs$cst$198$camera_SLASH_far:vj
cljs$cst$2$meta:va
cljs$cst$201$pbr:Ki
cljs$cst$206$character:Rj
cljs$cst$208$shader_SLASH_asset:Oi
cljs$cst$209$mesh_SLASH_asset:Gj
cljs$cst$210$material_SLASH_asset:$i
cljs$cst$211$material_SLASH_params:Th
cljs$cst$212$tint:Ij
cljs$cst$213$draw_SLASH_pipeline:Ej
cljs$cst$214$draw_SLASH_mesh:ui
cljs$cst$215$draw_SLASH_material:Wh
cljs$cst$216$draw_SLASH_instances:Xh
cljs$cst$217$count:Uh
cljs$cst$218$model:rj
cljs$cst$219$n:jj
cljs$cst$220$aspect:Qj
cljs$cst$221$clear:Wi
cljs$cst$222$frame_SLASH_n:nj
cljs$cst$223$frame_SLASH_clear:Ai
cljs$cst$224$frame_SLASH_camera:xj
cljs$cst$225$frame_SLASH_passes:vi
cljs$cst$226$pass_SLASH_id:pi
cljs$cst$227$main:lj
cljs$cst$228$pass_SLASH_target:Mh
cljs$cst$229$swapchain:ij
cljs$cst$230$pass_SLASH_draws:Di
cljs$cst$231$f32:zi
cljs$cst$232$enum:Ei
cljs$cst$233$elsize:uj
cljs$cst$234$f16:Hi
cljs$cst$235$u32:ai
cljs$cst$236$u16:si
cljs$cst$237$u8:sj
cljs$cst$238$i16:Vi
cljs$cst$239$mat4:Kj
cljs$cst$240$quat:Ui
cljs$cst$241$dtype:ii
cljs$cst$242$stride:Jj
cljs$cst$243$len:Hh
cljs$cst$244$flat_count:Ci
cljs$cst$245$draws:Vj
cljs$cst$246$pipeline:yj
cljs$cst$247$mesh:gj
cljs$cst$248$material:Qh
cljs$cst$249$offset:oi
cljs$cst$250$buffer:Bj
cljs$cst$251$ncols:Lj
cljs$cst$252$columns:fi
cljs$cst$253$layout:ik
cljs$cst$256$asset_SLASH_kind:ci
cljs$cst$257$asset_SLASH_data:gi
cljs$cst$258$resolve:ck
cljs$cst$259$vertices:jk
cljs$cst$260$indices:Fj
cljs$cst$261$params:qi
cljs$cst$262$wgsl:bj
cljs$cst$263$snapshot_SLASH_assets:di
cljs$cst$264$order:bk
cljs$cst$265$fn:Zh
cljs$cst$266$snapshot:Dj
cljs$cst$267$backend:Ni
cljs$cst$268$systems:wi
cljs$cst$269$hz:Xi
cljs$cst$270$world:Zj
cljs$cst$271$stop:Jh
cljs$cst$272$commit:Tj
cljs$cst$289$recur:Pj
cljs$cst$297$default:Ah
cljs$cst$3$dup:wa
cljs$cst$332$host:oj
cljs$cst$334$canvas:Cj
cljs$cst$335$host_ctor:kj
cljs$cst$336$sip_DOT_systems_SLASH_sakura_sway:fk
cljs$cst$337$kami_SLASH_name:tj
cljs$cst$338$sip_DOT_systems_SLASH_canal_shimmer:kk
cljs$cst$339$light_SLASH_kind:ni
cljs$cst$340$sip_DOT_systems_SLASH_day_drift:Kh
cljs$cst$357$nil:Gh
cljs$cst$358$string:Oh
cljs$cst$359$strable:ki
cljs$cst$360$vector:Hj
cljs$cst$361$list:Li
cljs$cst$362$map:ri
cljs$cst$363$set:Zi
cljs$cst$364$hierarchy:pj
cljs$cst$365$reader_exception:Ph
cljs$cst$366$ex_kind:li
cljs$cst$367$file:Pi
cljs$cst$368$line:Nh
cljs$cst$369$col:mi
cljs$cst$370$reader_error:Xj
cljs$cst$371$illegal_argument:wj
cljs$cst$372$eof:Gi
cljs$cst$374$column:Bi
cljs$cst$377$symbol:ak
cljs$cst$378$_SLASH_:fj
cljs$cst$379$keyword:Ri
cljs$cst$380$NaN:Si
cljs$cst$381$_Inf:Ji
cljs$cst$382$Inf:ei
cljs$cst$4$print_length:xa
cljs$cst$405$namespaced_map:Yj
cljs$cst$408$readers:xi
cljs$cst$409$inst:zj
cljs$cst$410$queue:aj
cljs$cst$411$js:Rh
cljs$cst$412$verts:Yi
cljs$cst$413$idx:Wj
cljs$cst$414$prim:Sj
cljs$cst$415$size:Lh
cljs$cst$416$style:Vh
cljs$cst$417$albedo:ej
cljs$cst$418$emissive:dk
cljs$cst$419$asset_SLASH_inline:$h
cljs$cst$78$tag:qj
cljs$reader$_STAR_default_data_reader_fn_STAR_:cn
cljs$reader$_STAR_tag_table_STAR_:dn
cljs$reader$check:an
cljs$reader$days_in_month:Ym
cljs$reader$parse_and_validate_timestamp:bn
cljs$reader$parse_int:$m
cljs$reader$read_string:en
cljs$reader$timestamp_regex:Zm
cljs$tools$reader$edn$dispatch_macros:zm
cljs$tools$reader$edn$escape_char:Nm
cljs$tools$reader$edn$macro_terminating_QMARK_:um
cljs$tools$reader$edn$macros:vm
cljs$tools$reader$edn$not_constituent_QMARK_:wm
cljs$tools$reader$edn$read:Im
cljs$tools$reader$edn$read$cljs$0core$0IFn$0_invoke$0arity$02:Wm
cljs$tools$reader$edn$read$cljs$0core$0IFn$0_invoke$0arity$04:Hm
cljs$tools$reader$edn$read_char_STAR_:Em
cljs$tools$reader$edn$read_delimited:Gm
cljs$tools$reader$edn$read_discard:Tm
cljs$tools$reader$edn$read_dispatch:ym
cljs$tools$reader$edn$read_keyword:Qm
cljs$tools$reader$edn$read_list:Jm
cljs$tools$reader$edn$read_map:Lm
cljs$tools$reader$edn$read_meta:Rm
cljs$tools$reader$edn$read_namespaced_map:Um
cljs$tools$reader$edn$read_number:Mm
cljs$tools$reader$edn$read_set:Sm
cljs$tools$reader$edn$read_string$cljs$0core$0IFn$0_invoke$0arity$02:Xm
cljs$tools$reader$edn$read_string_STAR_:Om
cljs$tools$reader$edn$read_symbol:Pm
cljs$tools$reader$edn$read_symbolic_value:Vm
cljs$tools$reader$edn$read_tagged:Am
cljs$tools$reader$edn$read_token$cljs$0core$0IFn$0_invoke$0arity$04:xm
cljs$tools$reader$edn$read_unicode_char$cljs$0core$0IFn$0_invoke$0arity$04:Cm
cljs$tools$reader$edn$read_unicode_char$cljs$0core$0IFn$0_invoke$0arity$05:Dm
cljs$tools$reader$edn$read_unmatched_delimiter:Bm
cljs$tools$reader$edn$read_vector:Km
cljs$tools$reader$edn$starting_line_col_info:Fm
cljs$tools$reader$impl$commons$float_pattern:om
cljs$tools$reader$impl$commons$int_pattern:mm
cljs$tools$reader$impl$commons$match_number:qm
cljs$tools$reader$impl$commons$matches_QMARK_:pm
cljs$tools$reader$impl$commons$parse_symbol:rm
cljs$tools$reader$impl$commons$ratio_pattern:nm
cljs$tools$reader$impl$commons$read_comment:sm
cljs$tools$reader$impl$commons$read_past:lm
cljs$tools$reader$impl$commons$throwing_reader:tm
cljs$tools$reader$impl$errors$duplicate_keys_error:jm
cljs$tools$reader$impl$errors$eof_error$cljs$0core$0IFn$0_invoke$0arity$0variadic:cm
cljs$tools$reader$impl$errors$illegal_arg_error$cljs$0core$0IFn$0_invoke$0arity$0variadic:bm
cljs$tools$reader$impl$errors$reader_error$cljs$0core$0IFn$0_invoke$0arity$0variadic:am
cljs$tools$reader$impl$errors$throw_bad_char:fm
cljs$tools$reader$impl$errors$throw_bad_octal_number:im
cljs$tools$reader$impl$errors$throw_dup_keys:km
cljs$tools$reader$impl$errors$throw_eof_reading$cljs$0core$0IFn$0_invoke$0arity$0variadic:gm
cljs$tools$reader$impl$errors$throw_ex$cljs$0core$0IFn$0_invoke$0arity$0variadic:$l
cljs$tools$reader$impl$errors$throw_invalid:em
cljs$tools$reader$impl$errors$throw_invalid_unicode_digit:hm
cljs$tools$reader$impl$errors$throw_odd_map:dm
cljs$tools$reader$impl$inspect$dispatch_inspect:zh
cljs$tools$reader$impl$inspect$inspect_STAR_:ve
cljs$tools$reader$impl$inspect$inspect_STAR__col:Zl
cljs$tools$reader$impl$utils$char_code:Pl
cljs$tools$reader$impl$utils$namespace_keys:Ol
cljs$tools$reader$impl$utils$numeric_QMARK_:Nl
cljs$tools$reader$impl$utils$whitespace_QMARK_:Ml
cljs$tools$reader$impl$utils$ws_rx:Ll
cljs$tools$reader$reader_types$PushbackReader:Xl
cljs$tools$reader$reader_types$StringReader:Wl
cljs$tools$reader$reader_types$get_column_number:Ul
cljs$tools$reader$reader_types$get_file_name:Vl
cljs$tools$reader$reader_types$get_line_number:Tl
cljs$tools$reader$reader_types$indexing_reader_QMARK_:Yl
cljs$tools$reader$reader_types$peek_char:Rl
cljs$tools$reader$reader_types$read_char:Ql
cljs$tools$reader$reader_types$unread:Sl
clojure$set$bubble_max_key:lk
clojure$set$intersection:mk
goog$UID_PROPERTY_:da
goog$async$nextTick$getNextTickImpl_:fl
goog$async$nextTick$nextTickImpl:el
goog$bind:ia
goog$bindJs_:ha
goog$bindNative_:fa
goog$dom$createElement:dl
goog$exportPath_:ba
goog$getUid:ca
goog$global:aa
goog$string$StringBuffer:qa
goog$typeOf:u
goog$uidCounter_:ea
hierarchy__5603__auto__$jscomp$inline_1222:uh
kami$backend$browser$BrowserBackend:Gl
kami$backend$browser$make:Hl
kami$ecs$__GT_tx:rk
kami$ecs$index_keys:nk
kami$ecs$load_snapshot:ok
kami$ecs$query:pk
kami$ecs$set_component:qk
kami$gpu$ensure_assets_BANG_:Mk
kami$gpu$register_material_BANG_:Jk
kami$gpu$register_mesh_BANG_:Ik
kami$gpu$register_shader_BANG_:Kk
kami$gpu$submit_frame_BANG_:Lk
kami$ipc$column:Ak
kami$ipc$dtype:zk
kami$ipc$frame__GT_columns:Fk
kami$ipc$frame__GT_meta:Gk
kami$ipc$pack:Hk
kami$ipc$pad_to:Ek
kami$ipc$u8s_of_element:Dk
kami$ipc$u8s_of_u16:Ck
kami$ipc$u8s_of_u32:Bk
kami$math$invert_rigid:sk
kami$render$asset_id:xk
kami$render$default_rot:uk
kami$render$default_scale:vk
kami$render$merge_instances:yk
kami$render$model_of:wk
kami$render$nintendo_cream:tk
kami$render$pipeline_of:Hg
kami$sim$commit_BANG_:Rk
kami$sim$register_BANG_:Ok
kami$sim$registry:Nk
kami$sim$render_once:Sk
kami$sim$run_BANG_:Tk
kami$sim$step:Qk
kami$sim$systems_in_order$cljs$0core$0IFn$0_invoke$0arity$01:Pk
method_cache__5601__auto__$jscomp$inline_1220:xh
method_table__5599__auto__$jscomp$inline_1218:vh
module$contents$goog$array_defaultCompare:oa
module$contents$goog$array_sort:ma
module$contents$goog$array_stableSort:pa
module$contents$goog$labs$userAgent$platform_isIphone:bl
module$contents$goog$labs$userAgent$util_getNativeUserAgentString:ka
module$contents$goog$labs$userAgent$util_matchUserAgent:la
module$contents$goog$object_getKeys:ja
navigator$jscomp$inline_799:Fl
prefer_table__5600__auto__$jscomp$inline_1219:wh
sip$assets$cook_asset:Ne
sip$assets$cook_snapshot:kn
sip$assets$cube:hn
sip$assets$merge_geo:gn
sip$assets$mesh_geo:jn
sip$assets$quad:fn
sip$systems$all:Kl
sip$systems$phase:Il
sip$systems$yaw_quat:Jl
sip$web$fetch_edn:ln
sip$web$start:mn
