__extmap:sa
__hash:B
__meta:tb
_hash:kb
_meta:Sa
_rest:Xb
add_BANG_:Ja
afn:A
arr:i
base:Yb
base_count:dc
bitmap:T
blockable:Cd
buf:K
buf_len:Zb
buf_pos:Ma
buffer_:$a
cached_hierarchy:Mb
cb:ec
chunk:Y
ci:Nb
cljs$core$IAssociative$:zc
cljs$core$IAssociative$_assoc$arity$3:Ta
cljs$core$IAssociative$_contains_key_QMARK_$arity$2:cb
cljs$core$IChunk$_drop_first$arity$1:fc
cljs$core$IChunkedNext$_chunked_next$arity$1:hc
cljs$core$IChunkedSeq$:hd
cljs$core$IChunkedSeq$_chunked_first$arity$1:$b
cljs$core$IChunkedSeq$_chunked_rest$arity$1:Ob
cljs$core$ICollection$:jd
cljs$core$ICollection$_conj$arity$2:ba
cljs$core$IComparable$:ub
cljs$core$IComparable$_compare$arity$2:eb
cljs$core$ICounted$:ic
cljs$core$ICounted$_count$arity$1:Z
cljs$core$IDeref$_deref$arity$1:Pb
cljs$core$IDrop$:kd
cljs$core$IDrop$_drop$arity$2:ab
cljs$core$IEditableCollection$:Ac
cljs$core$IEditableCollection$_as_transient$arity$1:lb
cljs$core$IEmptyableCollection$:Bc
cljs$core$IEmptyableCollection$_empty$arity$1:$
cljs$core$IEncodeJS$:Cc
cljs$core$IEncodeJS$_clj__GT_js$arity$1:Dc
cljs$core$IEquiv$_equiv$arity$2:U
cljs$core$IFind$_find$arity$2:vb
cljs$core$IFn$_invoke$arity$0:v
cljs$core$IFn$_invoke$arity$1:g
cljs$core$IFn$_invoke$arity$10:ta
cljs$core$IFn$_invoke$arity$11:ua
cljs$core$IFn$_invoke$arity$12:va
cljs$core$IFn$_invoke$arity$13:wa
cljs$core$IFn$_invoke$arity$14:xa
cljs$core$IFn$_invoke$arity$15:ya
cljs$core$IFn$_invoke$arity$16:za
cljs$core$IFn$_invoke$arity$17:Aa
cljs$core$IFn$_invoke$arity$18:Ba
cljs$core$IFn$_invoke$arity$19:Ca
cljs$core$IFn$_invoke$arity$2:h
cljs$core$IFn$_invoke$arity$20:Da
cljs$core$IFn$_invoke$arity$21:wb
cljs$core$IFn$_invoke$arity$3:j
cljs$core$IFn$_invoke$arity$4:I
cljs$core$IFn$_invoke$arity$5:ea
cljs$core$IFn$_invoke$arity$6:Ea
cljs$core$IFn$_invoke$arity$7:Fa
cljs$core$IFn$_invoke$arity$8:ra
cljs$core$IFn$_invoke$arity$9:Ga
cljs$core$IFn$_invoke$arity$variadic:m
cljs$core$IHash$:ld
cljs$core$IHash$_hash$arity$1:V
cljs$core$IIndexed$:jc
cljs$core$IIndexed$_nth$arity$2:aa
cljs$core$IIndexed$_nth$arity$3:Ka
cljs$core$IIterable$:md
cljs$core$IIterable$_iterator$arity$1:Ha
cljs$core$IKVReduce$:Ec
cljs$core$IKVReduce$_kv_reduce$arity$3:xb
cljs$core$IList$:nd
cljs$core$ILookup$:Fc
cljs$core$ILookup$_lookup$arity$2:qa
cljs$core$ILookup$_lookup$arity$3:S
cljs$core$IMap$:od
cljs$core$IMap$_dissoc$arity$2:Qb
cljs$core$IMapEntry$:pd
cljs$core$IMapEntry$_key$arity$1:Gc
cljs$core$IMapEntry$_val$arity$1:Hc
cljs$core$IMeta$:kc
cljs$core$IMeta$_meta$arity$1:W
cljs$core$INamed$:Ic
cljs$core$INamed$_name$arity$1:yb
cljs$core$INamed$_namespace$arity$1:zb
cljs$core$INext$:Ab
cljs$core$INext$_next$arity$1:fa
cljs$core$IPrintWithWriter$:ca
cljs$core$IPrintWithWriter$_pr_writer$arity$3:N
cljs$core$IRecord$:qd
cljs$core$IReduce$:Jc
cljs$core$IReduce$_reduce$arity$2:ka
cljs$core$IReduce$_reduce$arity$3:la
cljs$core$IReset$_reset_BANG_$arity$2:Kc
cljs$core$IReversible$:rd
cljs$core$IReversible$_rseq$arity$1:Rb
cljs$core$ISeq$:Bb
cljs$core$ISeq$_first$arity$1:ga
cljs$core$ISeq$_rest$arity$1:ia
cljs$core$ISeqable$:Lc
cljs$core$ISeqable$_seq$arity$1:O
cljs$core$ISequential$:lc
cljs$core$ISet$:sd
cljs$core$ISet$_disjoin$arity$2:mc
cljs$core$ISwap$_swap_BANG_$arity$2:Mc
cljs$core$ISwap$_swap_BANG_$arity$3:Nc
cljs$core$ISwap$_swap_BANG_$arity$4:Oc
cljs$core$ISwap$_swap_BANG_$arity$5:Pc
cljs$core$ITransientAssociative$_assoc_BANG_$arity$3:mb
cljs$core$ITransientCollection$_conj_BANG_$arity$2:nb
cljs$core$ITransientCollection$_persistent_BANG_$arity$1:Cb
cljs$core$IUUID$:Qc
cljs$core$IVector$:td
cljs$core$IVector$_assoc_n$arity$3:ac
cljs$core$IWithMeta$_with_meta$arity$2:X
cljs$core$IWriter$_write$arity$2:nc
cljs$core$async$impl$protocols$Buffer$add_BANG__STAR_$arity$2:oc
cljs$core$async$impl$protocols$Handler$active_QMARK_$arity$1:Rc
cljs$core$async$impl$protocols$Handler$blockable_QMARK_$arity$1:Ad
cljs$core$async$impl$protocols$Handler$commit$arity$1:Sc
cljs$core$async$impl$protocols$WritePort$put_BANG_$arity$3:Bd
cljs$lang$applyTo:F
cljs$lang$ctorPrWriter:ud
cljs$lang$ctorStr:bc
cljs$lang$maxFixedArity:H
cljs$lang$protocol_mask$partition$:Tc
cljs$lang$protocol_mask$partition0$:l
cljs$lang$protocol_mask$partition1$:G
cljs$lang$type:Uc
cljs$tools$reader$reader_types$IPushbackReader$unread$arity$2:pc
cljs$tools$reader$reader_types$IndexingReader$:vd
cljs$tools$reader$reader_types$IndexingReader$get_column_number$arity$1:Vc
cljs$tools$reader$reader_types$IndexingReader$get_file_name$arity$1:Wc
cljs$tools$reader$reader_types$IndexingReader$get_line_number$arity$1:Xc
cljs$tools$reader$reader_types$Reader$peek_char$arity$1:Db
cljs$tools$reader$reader_types$Reader$read_char$arity$1:fb
cnt:o
collision_hash:Va
default_dispatch_val:Yc
dirty_puts:Sb
dirty_takes:Tb
dispatch_fn:C
edit:R
editable_QMARK_:ob
ensure_editable:gb
ext_map_iter:qc
fields:Zc
fn:Eb
fqn:ja
front:Ia
fseq:pb
handler:Fb
hasNext:da
has_nil_QMARK_:ma
hash_map:Wa
header:Xa
hierarchy:Ub
i:s
inode_assoc:Na
inode_assoc_BANG_:Oa
inode_find:Gb
inode_lookup:bb
inode_seq:Hb
inode_without:Ib
iter:qb
kami$gpu$IGpuBackend$register_material_BANG_$arity$3:rc
kami$gpu$IGpuBackend$register_mesh_BANG_$arity$4:sc
kami$gpu$IGpuBackend$register_shader_BANG_$arity$4:tc
kami$gpu$IGpuBackend$submit_frame_BANG_$arity$2:uc
kv_reduce:Jb
len:hb
meta:u
meta20490:$c
meta21980:Dd
meta23552:ad
meta23556:bd
method_cache:Vb
method_table:Wb
more:Pa
mseq:M
next_entry:Kb
next_iter:Qa
nil_val:na
nodes:Ra
ns:pa
off:ha
prefer_table:cd
puts:Ya
rdr:vc
rear:La
record:dd
rest:Za
riter:Lb
root_iter:wc
s:J
s_len:xc
s_pos:rb
sb:ed
seen:cc
str:Ua
tail:P
takes:sb
transient_map:ib
uuid:jb
v:fd
val:D
validator:gd
vec:oa
watches:yc
